
> workspace@0.0.0 build /app
> pnpm --filter @workspace/api-server run build && PORT=${PORT:-23660} BASE_PATH=${BASE_PATH:-/} VITE_CLERK_PUBLISHABLE_KEY=${VITE_CLERK_PUBLISHABLE_KEY:-pk_test_placeholder} pnpm --filter @workspace/anima-protocol run build && rm -rf dist && cp -R artifacts/anima-protocol/dist/public dist


> @workspace/api-server@0.0.0 build /app/artifacts/api-server
> node ./build.mjs


  dist/index.mjs                       4.3mb ⚠️
  dist/pino-worker.mjs               158.7kb
  dist/pino-file.mjs                 147.3kb
  dist/pino-pretty.mjs               114.7kb
  dist/thread-stream-worker.mjs        7.4kb
  dist/index.mjs.map                   8.7mb
  dist/pino-worker.mjs.map           265.2kb
  dist/pino-file.mjs.map             237.4kb
  dist/pino-pretty.mjs.map           204.0kb
  dist/thread-stream-worker.mjs.map   12.0kb

⚡ Done in 1398ms

  dist/vercel.mjs       5.4mb ⚠️
  dist/vercel.mjs.map  10.4mb

⚡ Done in 783ms

> @workspace/anima-protocol@0.0.0 build /app/artifacts/anima-protocol
> vite build --config vite.config.ts && node scripts/prerender.mjs

◇ injected env (0) from ../../.env // tip: ⌘ multiple files { path: ['.env.local', '.env'] }
◇ injected env (0) from .env // tip: ◈ secrets for agents [www.dotenvx.com]
You or a plugin you are using have set `optimizeDeps.esbuildOptions` but this option is now deprecated. Vite now uses Rolldown to optimize the dependencies. Please use `optimizeDeps.rolldownOptions` instead.
vite v8.2.1 building client environment for production...
[2Ktransforming...✓ 4454 modules transformed.
rendering chunks...
computing gzip size...
dist/public/index.html                                               7.06 kB │ gzip:   2.06 kB
dist/public/assets/serenity-portrait-BBml1iQn.webp                  54.01 kB
dist/public/assets/title-bg-DWyWQOLR.webp                           97.70 kB
dist/public/assets/index-DpMtZpCc.css                              341.46 kB │ gzip:  41.72 kB
dist/public/assets/check-BYWr9D6N.js                                 0.12 kB │ gzip:   0.14 kB
dist/public/assets/chevron-down-DpKE8-Bx.js                          0.12 kB │ gzip:   0.14 kB
dist/public/assets/chevron-up-BOYLUnfR.js                            0.12 kB │ gzip:   0.14 kB
dist/public/assets/chevron-left-QO89oNIo.js                          0.13 kB │ gzip:   0.14 kB
dist/public/assets/chevron-right-Dx9X1LjZ.js                         0.13 kB │ gzip:   0.14 kB
dist/public/assets/circle-BvXDcnJH.js                                0.13 kB │ gzip:   0.13 kB
dist/public/assets/loader-circle-BkCpEGlg.js                         0.14 kB │ gzip:   0.15 kB
dist/public/assets/square-DZom7EHX.js                                0.14 kB │ gzip:   0.15 kB
dist/public/assets/plus-DjqyVsnr.js                                  0.15 kB │ gzip:   0.15 kB
dist/public/assets/arrow-left-DdTVYGVT.js                            0.16 kB │ gzip:   0.16 kB
dist/public/assets/arrow-right-C2tIz2fb.js                           0.16 kB │ gzip:   0.16 kB
dist/public/assets/clock-DXgwwhny.js                                 0.16 kB │ gzip:   0.16 kB
dist/public/assets/search-CxosRSHu.js                                0.17 kB │ gzip:   0.17 kB
dist/public/assets/trending-up-BurbwWeJ.js                           0.17 kB │ gzip:   0.17 kB
dist/public/assets/circle-check-CgUCoty7.js                          0.17 kB │ gzip:   0.16 kB
dist/public/assets/trending-down-j-DICu3I.js                         0.17 kB │ gzip:   0.17 kB
dist/public/assets/play-vWWSfaPp.js                                  0.19 kB │ gzip:   0.17 kB
dist/public/assets/graphicalItemSelectors-Ce9bKyPK.js                0.19 kB │ gzip:   0.12 kB
dist/public/assets/circle-check-big-0h8cXwHq.js                      0.19 kB │ gzip:   0.18 kB
dist/public/assets/user-C4oux512.js                                  0.19 kB │ gzip:   0.18 kB
dist/public/assets/rotate-ccw-CsVzkLZQ.js                            0.20 kB │ gzip:   0.18 kB
dist/public/assets/lock-CJTuGX7C.js                                  0.20 kB │ gzip:   0.19 kB
dist/public/assets/moon-BykGlQm8.js                                  0.21 kB │ gzip:   0.20 kB
dist/public/assets/target--P3_pCIl.js                                0.22 kB │ gzip:   0.16 kB
dist/public/assets/upload-CCUw0CtM.js                                0.23 kB │ gzip:   0.19 kB
dist/public/assets/download-BhF_KC1l.js                              0.23 kB │ gzip:   0.19 kB
dist/public/assets/activity-C76r84oa.js                              0.23 kB │ gzip:   0.19 kB
dist/public/assets/mic-CVisvIZL.js                                   0.23 kB │ gzip:   0.20 kB
dist/public/assets/pen-CbxyA5yC.js                                   0.23 kB │ gzip:   0.20 kB
dist/public/assets/copy-C0CwGzTW.js                                  0.23 kB │ gzip:   0.20 kB
dist/public/assets/maximize-2-BAeWoB0P.js                            0.23 kB │ gzip:   0.18 kB
dist/public/assets/globe-_S4QqAan.js                                 0.24 kB │ gzip:   0.19 kB
dist/public/assets/rotate-ccw-clock-DUYuiNH-.js                      0.24 kB │ gzip:   0.20 kB
dist/public/assets/circle-question-mark-BWsdH7Tb.js                  0.24 kB │ gzip:   0.20 kB
dist/public/assets/circle-alert-Cuz0S6Fr.js                          0.25 kB │ gzip:   0.18 kB
dist/public/assets/sword-BFMGf1eZ.js                                 0.25 kB │ gzip:   0.19 kB
dist/public/assets/calendar-xYfQ7UBs.js                              0.25 kB │ gzip:   0.20 kB
dist/public/assets/eye-BgoDZfC3.js                                   0.25 kB │ gzip:   0.20 kB
dist/public/assets/funnel-xgIDCJSj.js                                0.25 kB │ gzip:   0.21 kB
dist/public/assets/map-pin-4SJXUzcK.js                               0.25 kB │ gzip:   0.22 kB
dist/public/assets/circle-user-DKMmFOY_.js                           0.26 kB │ gzip:   0.20 kB
dist/public/assets/scroll-OzQHVi-F.js                                0.26 kB │ gzip:   0.20 kB
dist/public/assets/typeof-B5XbjTb1.js                                0.27 kB │ gzip:   0.16 kB
dist/public/assets/shield-CWwlLNoP.js                                0.27 kB │ gzip:   0.22 kB
dist/public/assets/zap-DnVhlkO7.js                                   0.27 kB │ gzip:   0.21 kB
dist/public/assets/pencil-CbKsXpNA.js                                0.27 kB │ gzip:   0.22 kB
dist/public/assets/lightbulb-CNHLhE0F.js                             0.28 kB │ gzip:   0.22 kB
dist/public/assets/book-open-CWPR6zyr.js                             0.28 kB │ gzip:   0.22 kB
dist/public/assets/send-Bf8PefPO.js                                  0.29 kB │ gzip:   0.23 kB
dist/public/assets/refresh-cw-DTnzooL-.js                            0.32 kB │ gzip:   0.22 kB
dist/public/assets/save-d-5H29eX.js                                  0.32 kB │ gzip:   0.22 kB
dist/public/assets/bot-BSLB3Kfe.js                                   0.32 kB │ gzip:   0.23 kB
dist/public/assets/trash-2-D31A_8bP.js                               0.32 kB │ gzip:   0.21 kB
dist/public/assets/useStoreSync-D-CYzT_q.js                          0.33 kB │ gzip:   0.23 kB
dist/public/assets/pin-CbvvST5c.js                                   0.34 kB │ gzip:   0.24 kB
dist/public/assets/scroll-text-2K5AnhWe.js                           0.34 kB │ gzip:   0.23 kB
dist/public/assets/crown-Dg394Wmf.js                                 0.36 kB │ gzip:   0.25 kB
dist/public/assets/image-plus-uW-hOi7r.js                            0.36 kB │ gzip:   0.25 kB
dist/public/assets/clsx-CjueKrWZ.js                                  0.36 kB │ gzip:   0.23 kB
dist/public/assets/LineChart-DKLUffHL.js                             0.37 kB │ gzip:   0.27 kB
dist/public/assets/BarChart-Ba1AsEFp.js                              0.38 kB │ gzip:   0.27 kB
dist/public/assets/network-BLjjTxns.js                               0.38 kB │ gzip:   0.23 kB
dist/public/assets/volume-2-DRuZC-o7.js                              0.39 kB │ gzip:   0.27 kB
dist/public/assets/loader-BGRIIGqK.js                                0.41 kB │ gzip:   0.24 kB
dist/public/assets/layers-BHp7lm5K.js                                0.42 kB │ gzip:   0.24 kB
dist/public/assets/eye-off-CWJctbob.js                               0.43 kB │ gzip:   0.27 kB
dist/public/assets/star-DWZODIKf.js                                  0.47 kB │ gzip:   0.29 kB
dist/public/assets/settings-C63rs1Eh.js                              0.48 kB │ gzip:   0.26 kB
dist/public/assets/zoom-out-pBfUGypQ.js                              0.49 kB │ gzip:   0.23 kB
dist/public/assets/trophy-BtwFGMKS.js                                0.50 kB │ gzip:   0.28 kB
dist/public/assets/palette-DRhrw5Ra.js                               0.51 kB │ gzip:   0.28 kB
dist/public/assets/wand-sparkles-BAkYV-YZ.js                         0.51 kB │ gzip:   0.29 kB
dist/public/assets/volume-x-CFO_4uuy.js                              0.54 kB │ gzip:   0.34 kB
dist/public/assets/swords-DEhsOkR4.js                                0.55 kB │ gzip:   0.28 kB
dist/public/assets/wrench-zocQfbZe.js                                0.57 kB │ gzip:   0.36 kB
dist/public/assets/brain-BqeKSshD.js                                 0.57 kB │ gzip:   0.31 kB
dist/public/assets/fingerprint-pattern-fT4F6e_c.js                   0.61 kB │ gzip:   0.35 kB
dist/public/assets/rolldown-runtime-B0Z9INg1.js                      0.90 kB │ gzip:   0.51 kB
dist/public/assets/wind-DecfeTL0.js                                  0.91 kB │ gzip:   0.45 kB
dist/public/assets/avatarPhoto-Ba2Nr7Zm.js                           0.97 kB │ gzip:   0.53 kB
dist/public/assets/usePaginatedEntities-SGqKz9Nl.js                  1.09 kB │ gzip:   0.64 kB
dist/public/assets/loadRosterCharacters-CruKKiHL.js                  1.29 kB │ gzip:   0.65 kB
dist/public/assets/createLucideIcon-Dl8-MTNM.js                      1.42 kB │ gzip:   0.80 kB
dist/public/assets/with-selector-DLRr24Pv.js                         1.67 kB │ gzip:   0.74 kB
dist/public/assets/PullToRefreshContainer-CJn1EDry.js                1.77 kB │ gzip:   0.87 kB
dist/public/assets/undoableDelete-DU7R860T.js                        1.79 kB │ gzip:   0.67 kB
dist/public/assets/syncBootstrap-DBdfyhG2.js                         1.98 kB │ gzip:   0.98 kB
dist/public/assets/CharacterGraphVisualization-C86nF5DX.js           2.34 kB │ gzip:   1.00 kB
dist/public/assets/soulprint-DXKGYpwj.js                             2.36 kB │ gzip:   1.28 kB
dist/public/assets/MemoryCrystals-b9LbsTad.js                        2.84 kB │ gzip:   1.37 kB
dist/public/assets/scheduler-BQmZy3lW.js                             3.55 kB │ gzip:   1.57 kB
dist/public/assets/react-dom-BPbsdxs9.js                             3.59 kB │ gzip:   1.36 kB
dist/public/assets/AvatarUploadField-91EGXM98.js                     3.65 kB │ gzip:   1.46 kB
dist/public/assets/VoicePicker-Blxqx2qM.js                           3.66 kB │ gzip:   1.39 kB
dist/public/assets/AnimatePresence-DorI0Jq-.js                       4.01 kB │ gzip:   1.86 kB
dist/public/assets/llmProviderLabel-CxOjbpBY.js                      4.47 kB │ gzip:   1.62 kB
dist/public/assets/RelationshipVisualization-CMfaECRc.js             4.48 kB │ gzip:   1.37 kB
dist/public/assets/BookOfEchoes-D3t3ui9R.js                          4.56 kB │ gzip:   1.87 kB
dist/public/assets/getRadiusAndStrokeWidthFromDot-IY4YKbwa.js        5.23 kB │ gzip:   1.80 kB
dist/public/assets/Subscription-BVTL51fm.js                          5.26 kB │ gzip:   1.96 kB
dist/public/assets/Disclaimer-C9QLbCc8.js                            5.48 kB │ gzip:   1.86 kB
dist/public/assets/workbox-window.prod.es5-Bd17z0YL.js               5.65 kB │ gzip:   2.20 kB
dist/public/assets/CharacterRelationshipGraph-DLvrmJzW.js            6.07 kB │ gzip:   2.33 kB
dist/public/assets/UserProfile-Bz7wxrzr.js                           6.19 kB │ gzip:   2.33 kB
dist/public/assets/LifetimeAccess-JwJ3RG1j.js                        6.24 kB │ gzip:   2.18 kB
dist/public/assets/RelationshipGraphPage-BW_zzGRl.js                 6.26 kB │ gzip:   2.10 kB
dist/public/assets/TemplateHub-CIgc4K8s.js                           6.26 kB │ gzip:   1.95 kB
dist/public/assets/ModeSelect-eG_Yl2pt.js                            6.34 kB │ gzip:   2.46 kB
dist/public/assets/ReflectionLog-Be0FDAcG.js                         6.34 kB │ gzip:   2.06 kB
dist/public/assets/CheckIn-t6YULAom.js                               6.54 kB │ gzip:   2.01 kB
dist/public/assets/QuestLog-Crf2_mYx.js                              6.59 kB │ gzip:   1.98 kB
dist/public/assets/StoryFlowchart-ButHs3hX.js                        6.69 kB │ gzip:   2.31 kB
dist/public/assets/MemoryCrystalVault-DOfPNvKR.js                    6.85 kB │ gzip:   2.07 kB
dist/public/assets/WorldCodex-CoOL_ji5.js                            7.32 kB │ gzip:   2.57 kB
dist/public/assets/animaExpressions-CKDJSVTj.js                      7.34 kB │ gzip:   3.06 kB
dist/public/assets/StoryReader-2tBeYtgI.js                           7.46 kB │ gzip:   2.40 kB
dist/public/assets/RelationshipGraphVisualization-B3F0VULQ.js        7.51 kB │ gzip:   2.73 kB
dist/public/assets/IntegratedWorldCalendar-CObQYAPu.js               7.53 kB │ gzip:   2.35 kB
dist/public/assets/CharacterBioSheet-cFc287pv.js                     7.62 kB │ gzip:   2.72 kB
dist/public/assets/ConstellationMap-2h0c7MCe.js                      7.67 kB │ gzip:   3.01 kB
dist/public/assets/DiscoveryQueue-BJU2bseY.js                        7.70 kB │ gzip:   2.47 kB
dist/public/assets/netBattle-agJNwy3r.js                             7.72 kB │ gzip:   2.95 kB
dist/public/assets/ProgressDashboard-DoxlR29f.js                     7.78 kB │ gzip:   2.13 kB
dist/public/assets/jsx-runtime-Ciaf_P-h.js                           7.89 kB │ gzip:   2.99 kB
dist/public/assets/LoreArchive-BZwEw2eo.js                           7.99 kB │ gzip:   2.52 kB
dist/public/assets/StoryboardManager-nfYOYp8Y.js                     8.26 kB │ gzip:   2.48 kB
dist/public/assets/Journals-DbF_kgZ1.js                              8.35 kB │ gzip:   2.48 kB
dist/public/assets/CharacterMemoriesDashboard-XY68u3SQ.js            8.37 kB │ gzip:   2.51 kB
dist/public/assets/CharacterGroups-Ci4cQHIC.js                       8.39 kB │ gzip:   2.24 kB
dist/public/assets/VoiceCloneManager-CgvTk725.js                     8.46 kB │ gzip:   2.65 kB
dist/public/assets/Onboarding-D2cE5xSd.js                            8.52 kB │ gzip:   2.73 kB
dist/public/assets/StoryBranchingGraph-Bp6AIrX9.js                   8.80 kB │ gzip:   2.80 kB
dist/public/assets/Therapy-8bXZ0WUu.js                               8.93 kB │ gzip:   3.17 kB
dist/public/assets/LocationsMap-CQ93Mcns.js                          9.11 kB │ gzip:   2.74 kB
dist/public/assets/YnStoriesLibrary-BgYsXtcB.js                      9.58 kB │ gzip:   3.15 kB
dist/public/assets/SpeakToAnimaButton-bLhh7dqw.js                    9.67 kB │ gzip:   3.45 kB
dist/public/assets/NarrativeBranchingMap-BA8pDmC9.js                 9.68 kB │ gzip:   2.70 kB
dist/public/assets/CharacterRelationshipForceGraph-D02h4y3Q.js       9.82 kB │ gzip:   3.09 kB
dist/public/assets/SceneOrchestrator-CATbUCPO.js                    10.05 kB │ gzip:   2.64 kB
dist/public/assets/EtherealSummon-D_btQrac.js                       10.14 kB │ gzip:   3.01 kB
dist/public/assets/WorldCalendar-arQhnaYt.js                        10.22 kB │ gzip:   3.08 kB
dist/public/assets/CharacterMemoryMap-CWcEfj77.js                   10.24 kB │ gzip:   2.95 kB
dist/public/assets/Reflections-Bw4MVL9t.js                          10.38 kB │ gzip:   2.77 kB
dist/public/assets/WorldCalendarDashboard-DiJRU2Md.js               10.40 kB │ gzip:   2.90 kB
dist/public/assets/InventoryPanel-DJHF0h_X.js                       10.43 kB │ gzip:   3.07 kB
dist/public/assets/CalendarView-D_EhjIwC.js                         10.47 kB │ gzip:   3.21 kB
dist/public/assets/LoreBook-CQYGYit3.js                             10.66 kB │ gzip:   2.95 kB
dist/public/assets/NarrativeWorldMap-BhIvvJ61.js                    10.93 kB │ gzip:   3.18 kB
dist/public/assets/RelationshipGraph-Cc-TkBCt.js                    10.94 kB │ gzip:   3.62 kB
dist/public/assets/NetBattleScene3D-CmRGBaNy.js                     11.13 kB │ gzip:   3.58 kB
dist/public/assets/WorldPulse-CvEFaPYV.js                           11.14 kB │ gzip:   2.88 kB
dist/public/assets/AIBehaviorSettings-C2Y1iCC7.js                   11.26 kB │ gzip:   3.67 kB
dist/public/assets/InteractiveGraphVisualization-CB_x0WHK.js        11.42 kB │ gzip:   3.09 kB
dist/public/assets/HallOfOrigins-D03JjGTb.js                        11.44 kB │ gzip:   3.33 kB
dist/public/assets/RelationshipAndLocationDashboard-B059UbCZ.js     11.60 kB │ gzip:   3.09 kB
dist/public/assets/QuestTrackingDashboard-CA3Iam2X.js               11.60 kB │ gzip:   3.07 kB
dist/public/assets/YAxis-D-AMlSoH.js                                11.69 kB │ gzip:   3.70 kB
dist/public/assets/CharacterRepository-Cd8MVwFG.js                  11.71 kB │ gzip:   3.49 kB
dist/public/assets/GlobalWiki-BZYLTv_j.js                           11.73 kB │ gzip:   3.11 kB
dist/public/assets/Line-CezGvxFP.js                                 11.75 kB │ gzip:   4.43 kB
dist/public/assets/RelationshipNetwork-CICgEhel.js                  11.86 kB │ gzip:   3.30 kB
dist/public/assets/StoryBranching-rc4CslFA.js                       12.94 kB │ gzip:   3.51 kB
dist/public/assets/CharacterLookCustomizer-BQxRY3Y8.js              13.63 kB │ gzip:   3.37 kB
dist/public/assets/TimelineDashboard-qowAxpoG.js                    13.63 kB │ gzip:   3.42 kB
dist/public/assets/StoryAnalyticsDashboard-BvWyUDyL.js              13.99 kB │ gzip:   4.28 kB
dist/public/assets/CompanionGenerator-CtDxm69s.js                   14.03 kB │ gzip:   4.42 kB
dist/public/assets/Legend-g2KLd93_.js                               14.34 kB │ gzip:   4.82 kB
dist/public/assets/Chronicles-Bu8WkA6C.js                           15.11 kB │ gzip:   4.63 kB
dist/public/assets/PremiumPlans-BA1u_hbg.js                         15.12 kB │ gzip:   5.63 kB
dist/public/assets/FactionNetwork-DC0WyDub.js                       15.12 kB │ gzip:   4.73 kB
dist/public/assets/AnimaCustomizer-bgpifcM0.js                      15.14 kB │ gzip:   5.22 kB
dist/public/assets/CharacterCustomization-BDMwjXbi.js               15.28 kB │ gzip:   3.73 kB
dist/public/assets/NarrativeFlowchartPage-CYe_JK7t.js               16.10 kB │ gzip:   4.28 kB
dist/public/assets/NarrativeConflictDashboard-BmkDFct1.js           16.84 kB │ gzip:   4.86 kB
dist/public/assets/WhatIfScenarios-DhU2T1Ac.js                      17.23 kB │ gzip:   4.35 kB
dist/public/assets/PrivacyPolicy-BNdLeVCk.js                        17.59 kB │ gzip:   4.85 kB
dist/public/assets/Network-C6PNFpZF.js                              17.66 kB │ gzip:   5.60 kB
dist/public/assets/therapyManuals-BsZ7g7pF.js                       17.92 kB │ gzip:   8.37 kB
dist/public/assets/CreateScenario-ed2rzx4t.js                       18.42 kB │ gzip:   3.97 kB
dist/public/assets/QuestJournal-B7fRO1U-.js                         18.52 kB │ gzip:   5.40 kB
dist/public/assets/Storyboard-CExz3htA.js                           18.66 kB │ gzip:   4.85 kB
dist/public/assets/format-53tG39sd.js                               19.31 kB │ gzip:   5.52 kB
dist/public/assets/MemoryGraphDashboard-HfyZ7NhA.js                 19.46 kB │ gzip:   4.43 kB
dist/public/assets/OnboardingFlow-BUlXTVS0.js                       19.80 kB │ gzip:   6.06 kB
dist/public/assets/EnergyFragments-BjFcrk3B.js                      20.08 kB │ gzip:   7.02 kB
dist/public/assets/Bar-DRz9yZQw.js                                  20.26 kB │ gzip:   6.80 kB
dist/public/assets/QuestLogPage-CKrXfQp2.js                         20.65 kB │ gzip:   5.02 kB
dist/public/assets/Wiki-0nMezg2d.js                                 20.84 kB │ gzip:   5.01 kB
dist/public/assets/NewChat-CxuEBGfb.js                              20.92 kB │ gzip:   5.21 kB
dist/public/assets/queryObserver-DRNpe_Og.js                        21.58 kB │ gzip:   7.06 kB
dist/public/assets/InteractiveInventory-BY33fHr1.js                 22.22 kB │ gzip:   5.49 kB
dist/public/assets/DeviceScanPanel-C2hg7oId.js                      22.25 kB │ gzip:   7.86 kB
dist/public/assets/select-BJyUoJWC.js                               22.29 kB │ gzip:   7.52 kB
dist/public/assets/NetBattle-DsMExNGw.js                            22.49 kB │ gzip:   6.98 kB
dist/public/assets/AnimaVessel4D-B7yKaLQo.js                        22.53 kB │ gzip:   7.22 kB
dist/public/assets/CharacterMemories-BRNWwRtc.js                    22.56 kB │ gzip:   5.16 kB
dist/public/assets/base44Client-BELNdHY2.js                         23.03 kB │ gzip:   7.55 kB
dist/public/assets/CustomiseAnima-COp7kBuO.js                       23.10 kB │ gzip:   6.31 kB
dist/public/assets/Animas-H6AN7cYw.js                               23.18 kB │ gzip:   5.88 kB
dist/public/assets/TermsOfUse-DzeolqNx.js                           24.65 kB │ gzip:   7.89 kB
dist/public/assets/Insights-rn2xFh_j.js                             24.66 kB │ gzip:   7.61 kB
dist/public/assets/WorldTimeline-ZcylAtN-.js                        26.62 kB │ gzip:   8.82 kB
dist/public/assets/purify.es-BlKBIatO.js                            27.12 kB │ gzip:  10.54 kB
dist/public/assets/LoreArchivesDashboard-D4qPgBi6.js                27.70 kB │ gzip:   8.88 kB
dist/public/assets/NarrativeProgress-jhBNgI8G.js                    29.31 kB │ gzip:  10.52 kB
dist/public/assets/Characters-Dan4cSXQ.js                           30.06 kB │ gzip:   7.49 kB
dist/public/assets/energyFragments-CWWKL0r0.js                      37.77 kB │ gzip:   9.11 kB
dist/public/assets/chunk-62JRHF6Z-BD7TpYnl.js                       39.16 kB │ gzip:  14.13 kB
dist/public/assets/MainHome-C8znMGJf.js                             39.21 kB │ gzip:  11.62 kB
dist/public/assets/WorldMap-BGB4x2sC.js                             40.23 kB │ gzip:  10.83 kB
dist/public/assets/NewSessionModal-q4dKX0EX.js                      45.23 kB │ gzip:  13.17 kB
dist/public/assets/Meditation-DM8YfuOn.js                           46.62 kB │ gzip:  11.80 kB
dist/public/assets/Codespace-CcMwR_Ql.js                            49.14 kB │ gzip:  16.18 kB
dist/public/assets/seedCharacters-B8TeZEoU.js                       49.60 kB │ gzip:  19.04 kB
dist/public/assets/Combination-DNxu0NGs.js                          66.55 kB │ gzip:  23.45 kB
dist/public/assets/Settings-DaVcW0eq.js                             72.87 kB │ gzip:  16.02 kB
dist/public/assets/proxy-Br2D1aCg.js                               120.52 kB │ gzip:  39.11 kB
dist/public/assets/index.es-BJx8hUhh.js                            151.31 kB │ gzip:  48.88 kB
dist/public/assets/html2canvas-BwRa11cZ.js                         199.48 kB │ gzip:  46.77 kB
dist/public/assets/index-Dj8OprJM.js                               201.09 kB │ gzip:  59.91 kB
dist/public/assets/AuthContext-DT8-tO90.js                         289.58 kB │ gzip:  85.47 kB
dist/public/assets/CartesianChart-CC0QcOPd.js                      326.36 kB │ gzip:  96.44 kB
dist/public/assets/analytics-4NIoeTzi.js                           423.25 kB │ gzip: 125.25 kB
dist/public/assets/RelationshipNodeGraphPage-CTB957lm.js           451.79 kB │ gzip: 142.92 kB
dist/public/assets/Chat-DIyNvuFj.js                                862.64 kB │ gzip: 253.19 kB
dist/public/assets/useRendererQuality-DuDrFaAR.js                1,071.30 kB │ gzip: 287.28 kB

[plugin builtin:vite-reporter]
(!) Some chunks are larger than 500 kB after minification. Consider:
- Using dynamic import() to code-split the application
- Use build.rolldownOptions.output.codeSplitting to improve chunking: https://rolldown.rs/reference/OutputOptions.codeSplitting
- Adjust chunk size limit for this warning via build.chunkSizeWarningLimit.
✓ built in 5.22s

PWA v1.3.0
mode      generateSW
precache  293 entries (15205.05 KiB)
files generated
  dist/public/sw.js
  dist/public/workbox-dcde9eb3.js
[prerender] ✓ /  →  /app/artifacts/anima-protocol/dist/public/index.html
[prerender] ✓ /sign-in  →  /app/artifacts/anima-protocol/dist/public/sign-in/index.html
[prerender] ✓ /sign-up  →  /app/artifacts/anima-protocol/dist/public/sign-up/index.html
[prerender] ✓ /terms  →  /app/artifacts/anima-protocol/dist/public/terms/index.html
[prerender] ✓ /privacy-policy  →  /app/artifacts/anima-protocol/dist/public/privacy-policy/index.html
[prerender] ✓ /disclaimer  →  /app/artifacts/anima-protocol/dist/public/disclaimer/index.html
[prerender] Done. 6 routes prerendered.
